2026-09-02 21:36:16 | ERROR | gestor-practicas | No se encontró el archivo usuarios.json
2026-09-02 21:39:52 | INFO | gestor-practicas | ✓ Inicio de sesión exitoso.
2026-09-02 21:45:30 | INFO | gestor-practicas | ✓ Inicio de sesión exitoso.
2026-09-02 21:46:04 | INFO | gestor-practicas | ✓ Inicio de sesión exitoso.
2026-09-02 21:49:12 | INFO | gestor-practicas | ✅ Inicio de sesión exitoso.
2026-09-02 22:01:48 | ERROR | gestor-practicas | ❌ Usuario o contraseña incorrectos.
2026-09-02 22:05:40 | INFO | gestor-practicas | ✅ Inicio de sesión exitoso.
2026-09-02 22:07:28 | INFO | gestor-practicas | ✅ Inicio de sesión exitoso.
2026-09-03 17:51:38 | ERROR | gestor-practicas | ❌ Usuario o contraseña incorrectos.
2026-09-03 17:52:08 | ERROR | gestor-practicas | ❌ Usuario o contraseña incorrectos.
2026-09-11 11:57:52 | ERROR | gestor-practicas | ❌ Error al leer usuarios.json
2026-09-11 11:57:52 | ERROR | gestor-practicas | ❌ Credenciales inválidas
2026-09-11 11:57:52 | ERROR | gestor-practicas | ❌ Usuario o contraseña incorrectos.
2026-09-11 11:58:22 | ERROR | gestor-practicas | ❌ Error al leer usuarios.json
2026-09-11 11:58:22 | ERROR | gestor-practicas | ❌ Credenciales inválidas
2026-09-11 11:58:22 | ERROR | gestor-practicas | ❌ Usuario o contraseña incorrectos.
2026-09-11 11:58:42 | ERROR | gestor-practicas | ❌ Error al leer usuarios.json
2026-09-11 11:58:42 | ERROR | gestor-practicas | ❌ Credenciales inválidas
2026-09-11 11:58:42 | ERROR | gestor-practicas | ❌ Usuario o contraseña incorrectos.
2026-09-11 12:02:02 | ERROR | gestor-practicas | ❌ Credenciales inválidas
2026-09-11 12:02:03 | ERROR | gestor-practicas | ❌ Usuario o contraseña incorrectos.
2026-09-11 12:03:12 | ERROR | gestor-practicas | ❌ Credenciales inválidas
2026-09-11 12:03:12 | ERROR | gestor-practicas | ❌ Usuario o contraseña incorrectos.
2026-09-11 12:04:28 | ERROR | gestor-practicas | ❌ Credenciales inválidas
2026-09-11 12:04:28 | ERROR | gestor-practicas | ❌ Usuario o contraseña incorrectos.
2026-09-11 12:10:30 | ERROR | gestor-practicas | ❌ Credenciales inválidas
2026-09-11 12:10:30 | ERROR | gestor-practicas | ❌ Usuario o contraseña incorrectos.
2026-09-11 12:11:27 | ERROR | gestor-practicas | ❌ Credenciales inválidas
2026-09-11 12:11:27 | ERROR | gestor-practicas | ❌ Usuario o contraseña incorrectos.
2026-09-11 12:13:00 | ERROR | gestor-practicas | ❌ Credenciales inválidas
2026-09-11 12:13:00 | ERROR | gestor-practicas | ❌ Usuario o contraseña incorrectos.
2026-09-11 12:14:04 | ERROR | gestor-practicas | ❌ Credenciales inválidas
2026-09-11 12:14:04 | ERROR | gestor-practicas | ❌ Usuario o contraseña incorrectos.
2026-09-11 12:15:21 | ERROR | gestor-practicas | ❌ Credenciales inválidas
2026-09-11 12:15:21 | ERROR | gestor-practicas | ❌ Usuario o contraseña incorrectos.
2026-09-11 12:18:50 | INFO | gestor-practicas | ✅ Inicio de sesión exitoso. Bienvenido 1234
2026-09-11 12:19:06 | INFO | gestor-practicas | ✅ Inicio de sesión exitoso. Bienvenido 1234
2026-09-16 13:00:49 | INFO | gestor-practicas | ✅ Inicio de sesión exitoso. Bienvenido imnotkonnor
2026-09-16 13:09:25 | INFO | gestor-practicas | ✅ Inicio de sesión exitoso. Bienvenido imnotkonnor
2026-09-16 13:14:17 | INFO | gestor-practicas | ✅ Inicio de sesión exitoso. Bienvenido imnotkonnor
2026-09-16 13:15:19 | INFO | gestor-practicas | ✅ Inicio de sesión exitoso. Bienvenido imnotkonnor
2026-09-16 13:41:14 | ERROR | gestor-practicas | ❌ Credenciales inválidas
2026-09-16 13:41:14 | ERROR | gestor-practicas | ❌ Usuario o contraseña incorrectos.
2026-09-16 13:42:35 | ERROR | gestor-practicas | ❌ Credenciales inválidas
2026-09-16 13:42:35 | ERROR | gestor-practicas | ❌ Usuario o contraseña incorrectos.
2026-09-16 13:50:39 | ERROR | gestor-practicas | ❌ Usuario o contraseña incorrectos. Intento 1 de 4.
2026-09-16 13:51:01 | ERROR | gestor-practicas | ❌ Usuario o contraseña incorrectos. Intento 2 de 4.
2026-09-16 13:51:03 | ERROR | gestor-practicas | ❌ Usuario o contraseña incorrectos. Intento 3 de 4.
2026-09-16 13:51:04 | ERROR | gestor-practicas | ❌ Usuario o contraseña incorrectos. Intento 4 de 4.
2026-09-16 13:52:29 | INFO | gestor-practicas | ✅ Inicio de sesión exitoso. Bienvenido imnotkonnor
2026-09-16 13:52:40 | ERROR | gestor-practicas | ❌ Usuario o contraseña incorrectos. Intento 1 de 3.
2026-09-16 13:52:41 | ERROR | gestor-practicas | ❌ Usuario o contraseña incorrectos. Intento 2 de 3.
2026-09-16 13:52:42 | ERROR | gestor-practicas | ❌ Usuario o contraseña incorrectos. Intento 3 de 3.
2026-09-16 13:56:09 | ERROR | gestor-practicas | ❌ Usuario o contraseña incorrectos. Intento 1 de 3.
2026-09-16 13:56:18 | ERROR | gestor-practicas | ❌ Usuario o contraseña incorrectos. Intento 2 de 3.
2026-09-16 13:56:19 | ERROR | gestor-practicas | ❌ Usuario o contraseña incorrectos. Intento 3 de 3.
2026-09-16 14:44:05 | ERROR | gestor-practicas | ❌ Este usuarios es incorrecto, quieres crear una cuenta
2026-09-16 14:47:33 | ERROR | gestor-practicas | ❌ El usuario ingresado no existe. Por favor, registrese primero
2026-09-16 14:47:47 | ERROR | gestor-practicas | ❌ El usuario ingresado no existe. Por favor, registrese primero
2026-09-16 14:47:56 | ERROR | gestor-practicas | ❌ El usuario ingresado no existe. Por favor, registrese primero
2026-09-16 14:48:17 | ERROR | gestor-practicas | ❌ Usuario o contraseña incorrectos. Intento 1 de 3.
2026-09-16 14:48:20 | INFO | gestor-practicas | ✅ Inicio de sesión exitoso. Bienvenido imnotkonnor
2026-09-16 15:00:45 | ERROR | gestor-practicas | ❌ El usuario ingresado no existe. Por favor, registrese primero
2026-09-16 15:01:42 | ERROR | gestor-practicas | ❌ El usuario ingresado no existe. Por favor, registrese primero
2026-09-16 15:03:03 | ERROR | gestor-practicas | ❌ El usuario ingresado no existe. Por favor, registrese primero
2026-09-16 15:03:11 | ERROR | gestor-practicas | ❌ El usuario ingresado no existe. Por favor, registrese primero
2026-09-16 15:18:08 | INFO | gestor-practicas | ✅ Usuario Hola registrado exitosamente como profesor.
2026-10-06 18:18:54 | INFO | gestor-practicas | ℹ️ Estudiante Adios Tercero (CI 52111) dado de alta
2026-10-06 18:18:54 | INFO | gestor-practicas | ✅ Usuario hola registrado como estudiante.
2026-10-07 16:30:22 | INFO | gestor-practicas | ✅ Inicio de sesión exitoso. Bienvenido imnotkonnor.
2026-10-07 16:34:26 | INFO | gestor-practicas | ✅ Inicio de sesión exitoso. Bienvenido imnotkonnor.
2026-10-09 22:50:11 | INFO | gestor-practicas | ℹ️ Estudiante Federico Carrizo (cédula 52110126) registrado.
2026-10-09 22:50:11 | INFO | gestor-practicas | ✅ Usuario Federico registrado como estudiante.
2026-10-09 22:50:18 | INFO | gestor-practicas | ✅ Inicio de sesión exitoso. Bienvenido Federico.
2026-10-09 22:51:09 | INFO | gestor-practicas | ✅ Inicio de sesión exitoso. Bienvenido imnotkonnor.
2026-10-09 22:51:34 | ERROR | gestor-practicas | ❌ Criterio de búsqueda no válido.
2026-10-09 22:53:10 | ERROR | gestor-practicas | ❌ El usuario ingresado no existe o no se pudo leer el archivo de usuarios.
2026-10-09 22:53:19 | INFO | gestor-practicas | ✅ Inicio de sesión exitoso. Bienvenido imnotkonnor.
2026-10-09 22:53:58 | INFO | gestor-practicas | ✅ Institución Hola registrada.
2026-10-09 22:54:36 | INFO | gestor-practicas | ✅ Inicio de sesión exitoso. Bienvenido Federico.
2026-10-09 22:54:45 | INFO | gestor-practicas | ✅ Solicitud enviada; queda pendiente de aceptación por un adscriptor.
2026-10-09 22:55:22 | INFO | gestor-practicas | ✅ Inicio de sesión exitoso. Bienvenido imnotkonnor.
2026-10-09 22:56:29 | INFO | gestor-practicas | ℹ️ Adscriptor Jorge Adios registrado.
2026-10-09 22:56:29 | INFO | gestor-practicas | ✅ Registro de adscriptor completado.
2026-10-09 22:56:55 | ERROR | gestor-practicas | ❌ El usuario ingresado no existe o no se pudo leer el archivo de usuarios.
2026-10-09 22:57:02 | INFO | gestor-practicas | ✅ Inicio de sesión exitoso. Bienvenido Hola1.
2026-10-09 22:57:42 | INFO | gestor-practicas | ✅ Inicio de sesión exitoso. Bienvenido imnotkonnor.
2026-10-09 22:58:06 | INFO | gestor-practicas | ✅ Máximo de alumnos actualizado.
2026-10-09 22:58:15 | INFO | gestor-practicas | ✅ Inicio de sesión exitoso. Bienvenido Hola1.
2026-10-09 22:58:20 | INFO | gestor-practicas | ✅ Solicitud aceptada.
2026-10-09 22:58:37 | INFO | gestor-practicas | ✅ Inicio de sesión exitoso. Bienvenido Federico.
